RAM Allocation [bytes]
Variable                                                                          Address   Size
------------------------------------------------------------------------------------------------
_base_y                                                                           0x0160       4

EEPROM Allocation [bytes]
Variable                                                                          Address   Size
------------------------------------------------------------------------------------------------

Register Allocation
Variable                                                                          Register  Size
------------------------------------------------------------------------------------------------
_lcd_x                                                                            R5           1
_lcd_y                                                                            R4           1
_lcd_maxx                                                                         R7           1

FLASH Allocation [words]
Function                                                                          Address   Size
------------------------------------------------------------------------------------------------
read_adc                                                                          0x0006D     14
main                                                                              0x0007B    141
put_buff_G100                                                                     0x00108     64
_print_G100                                                                       0x00148    308
sprintf                                                                           0x0027C     52
_lcd_write_nibble_G101                                                            0x002B0     20
_lcd_write_data                                                                   0x002C4     12
lcd_gotoxy                                                                        0x002D0     13
lcd_clear                                                                         0x002DD     12
lcd_putchar                                                                       0x002E9     21
lcd_puts                                                                          0x002FE     15
lcd_putsf                                                                         0x0030D     19
lcd_init                                                                          0x00320     46
strlen                                                                            0x0034E     12
strlenf                                                                           0x0035A     13
